Copyright 1986-2022 Xilinx, Inc. All Rights Reserved. Copyright 2022-2023 Advanced Micro Devices, Inc. All Rights Reserved.
---------------------------------------------------------------------------------------------------------------------------------------------
| Tool Version : Vivado v.2023.1 (win64) Build 3865809 Sun May  7 15:05:29 MDT 2023
| Date         : Wed Oct 11 09:52:09 2023
| Host         : CD-135239 running 64-bit major release  (build 9200)
| Command      : report_clock_utilization -file FEB_clock_utilization_routed.rpt
| Design       : FEB
| Device       : 7s50-fgga484
| Speed File   : -2  PRODUCTION 1.23 2018-06-13
| Design State : Routed
---------------------------------------------------------------------------------------------------------------------------------------------

Clock Utilization Report

Table of Contents
-----------------
1. Clock Primitive Utilization
2. Global Clock Resources
3. Global Clock Source Details
4. Local Clock Details
5. Clock Regions: Key Resource Utilization
6. Clock Regions : Global Clock Summary
7. Device Cell Placement Summary for Global Clock g0
8. Device Cell Placement Summary for Global Clock g1
9. Device Cell Placement Summary for Global Clock g2
10. Device Cell Placement Summary for Global Clock g3
11. Device Cell Placement Summary for Global Clock g4
12. Device Cell Placement Summary for Global Clock g5
13. Device Cell Placement Summary for Global Clock g6
14. Device Cell Placement Summary for Global Clock g7
15. Device Cell Placement Summary for Global Clock g8
16. Device Cell Placement Summary for Global Clock g9
17. Clock Region Cell Placement per Global Clock: Region X0Y0
18. Clock Region Cell Placement per Global Clock: Region X1Y0
19. Clock Region Cell Placement per Global Clock: Region X0Y1
20. Clock Region Cell Placement per Global Clock: Region X1Y1
21. Clock Region Cell Placement per Global Clock: Region X0Y2
22. Clock Region Cell Placement per Global Clock: Region X1Y2

1. Clock Primitive Utilization
------------------------------

+----------+------+-----------+-----+--------------+--------+
| Type     | Used | Available | LOC | Clock Region | Pblock |
+----------+------+-----------+-----+--------------+--------+
| BUFGCTRL |    9 |        32 |   0 |            0 |      0 |
| BUFH     |    1 |        72 |   0 |            0 |      0 |
| BUFIO    |    0 |        20 |   0 |            0 |      0 |
| BUFMR    |    0 |        10 |   0 |            0 |      0 |
| BUFR     |    0 |        20 |   0 |            0 |      0 |
| MMCM     |    3 |         5 |   1 |            0 |      0 |
| PLL      |    1 |         5 |   1 |            0 |      0 |
+----------+------+-----------+-----+--------------+--------+


2. Global Clock Resources
-------------------------

+-----------+-----------+-----------------+------------+----------------+--------------+-------------------+-------------+-----------------+--------------+--------------------------------------------------------------------------------------------+----------------------------------------------------------------------------------+-------------------------------------------------------------------------+
| Global Id | Source Id | Driver Type/Pin | Constraint | Site           | Clock Region | Load Clock Region | Clock Loads | Non-Clock Loads | Clock Period | Clock                                                                                      | Driver Pin                                                                       | Net                                                                     |
+-----------+-----------+-----------------+------------+----------------+--------------+-------------------+-------------+-----------------+--------------+--------------------------------------------------------------------------------------------+----------------------------------------------------------------------------------+-------------------------------------------------------------------------+
| g0        | src0      | BUFG/O          | None       | BUFGCTRL_X0Y4  | n/a          |                 4 |        9611 |               0 |       10.000 | Clk_100MHz_PLL_0                                                                           | PLL/inst/clkout1_buf/O                                                           | PLL/inst/Clk_100MHz                                                     |
| g1        | src1      | BUFG/O          | None       | BUFGCTRL_X0Y16 | n/a          |                 3 |        3136 |               0 |        6.250 | clk_pll_i                                                                                  | DDR/DDR_Controller/u_DDR3LController_mig/u_ddr3_infrastructure/u_bufg_clkdiv0/O  | DDR/DDR_Controller/u_DDR3LController_mig/u_ddr3_infrastructure/CLK      |
| g2        | src2      | BUFG/O          | None       | BUFGCTRL_X0Y0  | n/a          |                 4 |        1802 |               3 |       12.500 | Clk_80MHz_PLL_AFE_1                                                                        | HF_PLL/inst/clkout2_buf/O                                                        | HF_PLL/inst/Clk_80MHz                                                   |
| g3        | src3      | BUFG/O          | None       | BUFGCTRL_X0Y5  | n/a          |                 2 |         469 |               0 |       33.000 | dbg_hub/inst/BSCANID.u_xsdbm_id/SWITCH_N_EXT_BSCAN.bscan_inst/SERIES7_BSCAN.bscan_inst/TCK | dbg_hub/inst/BSCANID.u_xsdbm_id/SWITCH_N_EXT_BSCAN.u_bufg_icon_tck/O             | dbg_hub/inst/BSCANID.u_xsdbm_id/itck_i                                  |
| g4        | src4      | BUFG/O          | None       | BUFGCTRL_X0Y1  | n/a          |                 4 |         175 |               1 |        6.250 | SysClk_PLL_0                                                                               | PLL/inst/clkout2_buf/O                                                           | PLL/inst/SysClk                                                         |
| g5        | src5      | BUFG/O          | None       | BUFGCTRL_X0Y2  | n/a          |                 2 |          36 |               0 |        1.786 | Clk_560MHz_PLL_AFE_1                                                                       | HF_PLL/inst/clkout1_buf/O                                                        | HF_PLL/inst/Clk_560MHz                                                  |
| g6        | src6      | BUFG/O          | None       | BUFGCTRL_X0Y3  | n/a          |                 3 |          35 |               0 |        5.000 | Clk_200MHz_PLL_0                                                                           | PLL/inst/clkout3_buf/O                                                           | PLL/inst/Clk_200MHz                                                     |
| g7        | src7      | BUFH/O          | None       | BUFHCE_X0Y12   | X0Y1         |                 1 |           1 |               0 |        6.250 | pll_clk3_out                                                                               | DDR/DDR_Controller/u_DDR3LController_mig/u_ddr3_infrastructure/u_bufh_pll_clk3/O | DDR/DDR_Controller/u_DDR3LController_mig/u_ddr3_infrastructure/pll_clk3 |
| g8        | src8      | BUFG/O          | None       | BUFGCTRL_X0Y6  | n/a          |                 1 |           1 |               0 |        6.250 | clkfbout_PLL_AFE_1                                                                         | HF_PLL/inst/clkf_buf/O                                                           | HF_PLL/inst/clkfbout_buf_PLL_AFE                                        |
| g9        | src9      | BUFG/O          | None       | BUFGCTRL_X0Y7  | n/a          |                 1 |           1 |               0 |        6.250 | clkfbout_PLL_0                                                                             | PLL/inst/clkf_buf/O                                                              | PLL/inst/clkfbout_buf_PLL_0                                             |
+-----------+-----------+-----------------+------------+----------------+--------------+-------------------+-------------+-----------------+--------------+--------------------------------------------------------------------------------------------+----------------------------------------------------------------------------------+-------------------------------------------------------------------------+
* Clock Loads column represents cell count of net connects that connect to a clock pin. Internal cell leaf pins are not considered
** Non-Clock Loads column represents cell count of non-clock pin loads


3. Global Clock Source Details
------------------------------

+-----------+-----------+---------------------+-----------------+-----------------+--------------+-------------+-----------------+---------------------+--------------------------------------------------------------------------------------------+--------------------------------------------------------------------------------------------+-----------------------------------------------------------------------------+
| Source Id | Global Id | Driver Type/Pin     | Constraint      | Site            | Clock Region | Clock Loads | Non-Clock Loads | Source Clock Period | Source Clock                                                                               | Driver Pin                                                                                 | Net                                                                         |
+-----------+-----------+---------------------+-----------------+-----------------+--------------+-------------+-----------------+---------------------+--------------------------------------------------------------------------------------------+--------------------------------------------------------------------------------------------+-----------------------------------------------------------------------------+
| src0      | g0        | MMCME2_ADV/CLKOUT0  | None            | MMCME2_ADV_X0Y0 | X0Y0         |           1 |               0 |              10.000 | Clk_100MHz_PLL_0                                                                           | PLL/inst/mmcm_adv_inst/CLKOUT0                                                             | PLL/inst/Clk_100MHz_PLL_0                                                   |
| src1      | g1        | MMCME2_ADV/CLKFBOUT | MMCME2_ADV_X0Y1 | MMCME2_ADV_X0Y1 | X0Y1         |           1 |               0 |               6.250 | clk_pll_i                                                                                  | DDR/DDR_Controller/u_DDR3LController_mig/u_ddr3_infrastructure/gen_mmcm.mmcm_i/CLKFBOUT    | DDR/DDR_Controller/u_DDR3LController_mig/u_ddr3_infrastructure/clk_pll_i    |
| src2      | g2        | MMCME2_ADV/CLKOUT1  | None            | MMCME2_ADV_X1Y0 | X1Y0         |           1 |               0 |              12.500 | Clk_80MHz_PLL_AFE_1                                                                        | HF_PLL/inst/mmcm_adv_inst/CLKOUT1                                                          | HF_PLL/inst/Clk_80MHz_PLL_AFE                                               |
| src3      | g3        | BSCANE2/TCK         | None            | BSCAN_X0Y0      | X0Y0         |           1 |               0 |              33.000 | dbg_hub/inst/BSCANID.u_xsdbm_id/SWITCH_N_EXT_BSCAN.bscan_inst/SERIES7_BSCAN.bscan_inst/TCK | dbg_hub/inst/BSCANID.u_xsdbm_id/SWITCH_N_EXT_BSCAN.bscan_inst/SERIES7_BSCAN.bscan_inst/TCK | dbg_hub/inst/BSCANID.u_xsdbm_id/SWITCH_N_EXT_BSCAN.bscan_inst/TCK           |
| src4      | g4        | MMCME2_ADV/CLKOUT1  | None            | MMCME2_ADV_X0Y0 | X0Y0         |           1 |               0 |               6.250 | SysClk_PLL_0                                                                               | PLL/inst/mmcm_adv_inst/CLKOUT1                                                             | PLL/inst/SysClk_PLL_0                                                       |
| src5      | g5        | MMCME2_ADV/CLKOUT0  | None            | MMCME2_ADV_X1Y0 | X1Y0         |           1 |               0 |               1.786 | Clk_560MHz_PLL_AFE_1                                                                       | HF_PLL/inst/mmcm_adv_inst/CLKOUT0                                                          | HF_PLL/inst/Clk_560MHz_PLL_AFE                                              |
| src6      | g6        | MMCME2_ADV/CLKOUT2  | None            | MMCME2_ADV_X0Y0 | X0Y0         |           1 |               0 |               5.000 | Clk_200MHz_PLL_0                                                                           | PLL/inst/mmcm_adv_inst/CLKOUT2                                                             | PLL/inst/Clk_200MHz_PLL_0                                                   |
| src7      | g7        | PLLE2_ADV/CLKOUT3   | PLLE2_ADV_X0Y1  | PLLE2_ADV_X0Y1  | X0Y1         |           1 |               0 |               6.250 | pll_clk3_out                                                                               | DDR/DDR_Controller/u_DDR3LController_mig/u_ddr3_infrastructure/plle2_i/CLKOUT3             | DDR/DDR_Controller/u_DDR3LController_mig/u_ddr3_infrastructure/pll_clk3_out |
| src8      | g8        | MMCME2_ADV/CLKFBOUT | None            | MMCME2_ADV_X1Y0 | X1Y0         |           1 |               0 |               6.250 | clkfbout_PLL_AFE_1                                                                         | HF_PLL/inst/mmcm_adv_inst/CLKFBOUT                                                         | HF_PLL/inst/clkfbout_PLL_AFE                                                |
| src9      | g9        | MMCME2_ADV/CLKFBOUT | None            | MMCME2_ADV_X0Y0 | X0Y0         |           1 |               0 |               6.250 | clkfbout_PLL_0                                                                             | PLL/inst/mmcm_adv_inst/CLKFBOUT                                                            | PLL/inst/clkfbout_PLL_0                                                     |
+-----------+-----------+---------------------+-----------------+-----------------+--------------+-------------+-----------------+---------------------+--------------------------------------------------------------------------------------------+--------------------------------------------------------------------------------------------+-----------------------------------------------------------------------------+
* Clock Loads column represents cell count of net connects that connect to a clock pin. Internal cell leaf pins are not considered
** Non-Clock Loads column represents cell count of non-clock pin loads


4. Local Clock Details
----------------------

+----------+----------------------------+----------------------+-------------------------------------+--------------+-------------+-----------------+--------------+---------------+---------------------------------------------------------------------------------------------------------------------------------------------------------------------------------------------------------------+------------------------------------------------------------------------------------------------------------------------------------------------------------------------------------------------------------+
| Local Id | Driver Type/Pin            | Constraint           | Site/BEL                            | Clock Region | Clock Loads | Non-Clock Loads | Clock Period | Clock         | Driver Pin                                                                                                                                                                                                    | Net                                                                                                                                                                                                        |
+----------+----------------------------+----------------------+-------------------------------------+--------------+-------------+-----------------+--------------+---------------+---------------------------------------------------------------------------------------------------------------------------------------------------------------------------------------------------------------+------------------------------------------------------------------------------------------------------------------------------------------------------------------------------------------------------------+
| 0        | PLLE2_ADV/CLKOUT0          | PLLE2_ADV_X0Y1       | PLLE2_ADV_X0Y1/PLLE2_ADV            | X0Y1         |           8 |               2 |        1.562 | freq_refclk   | DDR/DDR_Controller/u_DDR3LController_mig/u_ddr3_infrastructure/plle2_i/CLKOUT0                                                                                                                                | DDR/DDR_Controller/u_DDR3LController_mig/u_ddr3_infrastructure/freq_refclk                                                                                                                                 |
| 1        | PLLE2_ADV/CLKOUT1          | PLLE2_ADV_X0Y1       | PLLE2_ADV_X0Y1/PLLE2_ADV            | X0Y1         |           2 |               8 |        3.125 | mem_refclk    | DDR/DDR_Controller/u_DDR3LController_mig/u_ddr3_infrastructure/plle2_i/CLKOUT1                                                                                                                                | DDR/DDR_Controller/u_DDR3LController_mig/u_ddr3_infrastructure/mem_refclk                                                                                                                                  |
| 2        | PHASER_OUT_PHY/OCLKDELAYED | PHASER_OUT_PHY_X0Y8  | PHASER_OUT_PHY_X0Y8/PHASER_OUT_PHY  | X0Y2         |           2 |               0 |        3.125 | oserdes_clk   | DDR/DDR_Controller/u_DDR3LController_mig/u_memc_ui_top_std/mem_intfc0/ddr_phy_top0/u_ddr_mc_phy_wrapper/u_ddr_mc_phy/ddr_phy_4lanes_0.u_ddr_phy_4lanes/ddr_byte_lane_A.ddr_byte_lane_A/phaser_out/OCLKDELAYED | DDR/DDR_Controller/u_DDR3LController_mig/u_memc_ui_top_std/mem_intfc0/ddr_phy_top0/u_ddr_mc_phy_wrapper/u_ddr_mc_phy/ddr_phy_4lanes_0.u_ddr_phy_4lanes/ddr_byte_lane_A.ddr_byte_lane_A/oserdes_clk_delayed |
| 3        | PHASER_OUT_PHY/OCLKDELAYED | PHASER_OUT_PHY_X0Y10 | PHASER_OUT_PHY_X0Y10/PHASER_OUT_PHY | X0Y2         |           2 |               0 |        3.125 | oserdes_clk_1 | DDR/DDR_Controller/u_DDR3LController_mig/u_memc_ui_top_std/mem_intfc0/ddr_phy_top0/u_ddr_mc_phy_wrapper/u_ddr_mc_phy/ddr_phy_4lanes_0.u_ddr_phy_4lanes/ddr_byte_lane_C.ddr_byte_lane_C/phaser_out/OCLKDELAYED | DDR/DDR_Controller/u_DDR3LController_mig/u_memc_ui_top_std/mem_intfc0/ddr_phy_top0/u_ddr_mc_phy_wrapper/u_ddr_mc_phy/ddr_phy_4lanes_0.u_ddr_phy_4lanes/ddr_byte_lane_C.ddr_byte_lane_C/oserdes_clk_delayed |
+----------+----------------------------+----------------------+-------------------------------------+--------------+-------------+-----------------+--------------+---------------+---------------------------------------------------------------------------------------------------------------------------------------------------------------------------------------------------------------+------------------------------------------------------------------------------------------------------------------------------------------------------------------------------------------------------------+
* Local Clocks in this context represents only clocks driven by non-global buffers
** Clock Loads column represents cell count of net connects that connect to a clock pin. Internal cell leaf pins are not considered
*** Non-Clock Loads column represents cell count of non-clock pin loads


5. Clock Regions: Key Resource Utilization
------------------------------------------

+-------------------+--------------+--------------+--------------+--------------+--------------+--------------+--------------+--------------+--------------+--------------+--------------+--------------+--------------+--------------+--------------+
|                   | Global Clock |     BUFRs    |    BUFMRs    |    BUFIOs    |     MMCM     |      PLL     |      GT      |      PCI     |    ILOGIC    |    OLOGIC    |      FF      |     LUTM     |    RAMB18    |    RAMB36    |    DSP48E2   |
+-------------------+------+-------+------+-------+------+-------+------+-------+------+-------+------+-------+------+-------+------+-------+------+-------+------+-------+------+-------+------+-------+------+-------+------+-------+------+-------+
| Clock Region Name | Used | Avail | Used | Avail | Used | Avail | Used | Avail | Used | Avail | Used | Avail | Used | Avail | Used | Avail | Used | Avail | Used | Avail | Used | Avail | Used | Avail | Used | Avail | Used | Avail | Used | Avail |
+-------------------+------+-------+------+-------+------+-------+------+-------+------+-------+------+-------+------+-------+------+-------+------+-------+------+-------+------+-------+------+-------+------+-------+------+-------+------+-------+
| X0Y0              |    5 |    12 |    0 |     4 |    0 |     2 |    0 |     4 |    1 |     1 |    0 |     1 |    0 |     0 |    0 |     0 |    0 |    50 |    0 |    50 | 2331 |  1200 |  669 |   400 |    0 |    20 |    0 |    10 |    0 |    20 |
| X1Y0              |    7 |    12 |    0 |     4 |    0 |     2 |    0 |     4 |    1 |     1 |    0 |     1 |    0 |     0 |    0 |     0 |   18 |    50 |    0 |    50 | 4487 |  1500 | 1233 |   450 |    0 |    40 |    3 |    20 |    0 |    20 |
| X0Y1              |    5 |    12 |    0 |     4 |    0 |     2 |    0 |     4 |    1 |     1 |    1 |     1 |    0 |     0 |    0 |     0 |    0 |    50 |    0 |    50 | 2039 |  1200 |  551 |   400 |    0 |    20 |    0 |    10 |    0 |    20 |
| X1Y1              |    5 |    12 |    0 |     4 |    0 |     2 |    0 |     4 |    0 |     1 |    0 |     1 |    0 |     0 |    0 |     0 |   18 |    50 |    0 |    50 | 2876 |  1500 |  730 |   450 |    0 |    40 |    1 |    20 |    0 |    20 |
| X0Y2              |    2 |    12 |    0 |     4 |    0 |     2 |    0 |     4 |    0 |     1 |    0 |     1 |    0 |     0 |    0 |     0 |    0 |    50 |    4 |    50 | 2271 |  1800 |  626 |   400 |    0 |    20 |    0 |    10 |    0 |    20 |
| X1Y2              |    1 |    12 |    0 |     0 |    0 |     0 |    0 |     0 |    0 |     0 |    0 |     0 |    0 |     4 |    0 |     1 |    0 |     0 |    0 |     0 |   34 |   950 |    3 |   300 |    0 |    10 |    0 |     5 |    0 |    20 |
+-------------------+------+-------+------+-------+------+-------+------+-------+------+-------+------+-------+------+-------+------+-------+------+-------+------+-------+------+-------+------+-------+------+-------+------+-------+------+-------+
* Global Clock column represents track count; while other columns represents cell counts


6. Clock Regions : Global Clock Summary
---------------------------------------

All Modules
+----+----+----+
|    | X0 | X1 |
+----+----+----+
| Y2 |  0 |  0 |
| Y1 |  1 |  0 |
| Y0 |  0 |  0 |
+----+----+----+


7. Device Cell Placement Summary for Global Clock g0
----------------------------------------------------

+-----------+-----------------+-------------------+------------------+-------------+---------------+-------------+----------+----------------+----------+---------------------+
| Global Id | Driver Type/Pin | Driver Region (D) | Clock            | Period (ns) | Waveform (ns) | Slice Loads | IO Loads | Clocking Loads | GT Loads | Net                 |
+-----------+-----------------+-------------------+------------------+-------------+---------------+-------------+----------+----------------+----------+---------------------+
| g0        | BUFG/O          | n/a               | Clk_100MHz_PLL_0 |      10.000 | {0.000 5.000} |        8840 |        0 |              0 |        0 | PLL/inst/Clk_100MHz |
+-----------+-----------------+-------------------+------------------+-------------+---------------+-------------+----------+----------------+----------+---------------------+
* Slice Loads column represents load cell count of all cell types other than IO, GT and clock resources
** IO Loads column represents load cell count of IO types
*** Clocking Loads column represents load cell count that are clock resources (global clock buffer, MMCM, PLL, etc)
**** GT Loads column represents load cell count of GT types


+----+-------+-------+-----------------------+
|    | X0    | X1    | HORIZONTAL PROG DELAY |
+----+-------+-------+-----------------------+
| Y2 |     0 |     0 |                     - |
| Y1 |  1002 |  1914 |                     0 |
| Y0 |  2102 |  3822 |                     0 |
+----+-------+-------+-----------------------+


8. Device Cell Placement Summary for Global Clock g1
----------------------------------------------------

+-----------+-----------------+-------------------+-----------+-------------+---------------+-------------+----------+----------------+----------+--------------------------------------------------------------------+
| Global Id | Driver Type/Pin | Driver Region (D) | Clock     | Period (ns) | Waveform (ns) | Slice Loads | IO Loads | Clocking Loads | GT Loads | Net                                                                |
+-----------+-----------------+-------------------+-----------+-------------+---------------+-------------+----------+----------------+----------+--------------------------------------------------------------------+
| g1        | BUFG/O          | n/a               | clk_pll_i |       6.250 | {0.000 3.125} |        3069 |        0 |              1 |        0 | DDR/DDR_Controller/u_DDR3LController_mig/u_ddr3_infrastructure/CLK |
+-----------+-----------------+-------------------+-----------+-------------+---------------+-------------+----------+----------------+----------+--------------------------------------------------------------------+
* Slice Loads column represents load cell count of all cell types other than IO, GT and clock resources
** IO Loads column represents load cell count of IO types
*** Clocking Loads column represents load cell count that are clock resources (global clock buffer, MMCM, PLL, etc)
**** GT Loads column represents load cell count of GT types


+----+-------+-----+-----------------------+
|    | X0    | X1  | HORIZONTAL PROG DELAY |
+----+-------+-----+-----------------------+
| Y2 |  2292 |  34 |                     0 |
| Y1 |   744 |   0 |                     0 |
| Y0 |     0 |   0 |                     - |
+----+-------+-----+-----------------------+


9. Device Cell Placement Summary for Global Clock g2
----------------------------------------------------

+-----------+-----------------+-------------------+---------------------+-------------+---------------+-------------+----------+----------------+----------+-----------------------+
| Global Id | Driver Type/Pin | Driver Region (D) | Clock               | Period (ns) | Waveform (ns) | Slice Loads | IO Loads | Clocking Loads | GT Loads | Net                   |
+-----------+-----------------+-------------------+---------------------+-------------+---------------+-------------+----------+----------------+----------+-----------------------+
| g2        | BUFG/O          | n/a               | Clk_80MHz_PLL_AFE_1 |      12.500 | {0.000 6.250} |        1766 |       39 |              0 |        0 | HF_PLL/inst/Clk_80MHz |
+-----------+-----------------+-------------------+---------------------+-------------+---------------+-------------+----------+----------------+----------+-----------------------+
* Slice Loads column represents load cell count of all cell types other than IO, GT and clock resources
** IO Loads column represents load cell count of IO types
*** Clocking Loads column represents load cell count that are clock resources (global clock buffer, MMCM, PLL, etc)
**** GT Loads column represents load cell count of GT types


+----+------+------+-----------------------+
|    | X0   | X1   | HORIZONTAL PROG DELAY |
+----+------+------+-----------------------+
| Y2 |    0 |    0 |                     - |
| Y1 |  326 |  838 |                     0 |
| Y0 |   67 |  574 |                     0 |
+----+------+------+-----------------------+


10. Device Cell Placement Summary for Global Clock g3
-----------------------------------------------------

+-----------+-----------------+-------------------+--------------------------------------------------------------------------------------------+-------------+----------------+-------------+----------+----------------+----------+----------------------------------------+
| Global Id | Driver Type/Pin | Driver Region (D) | Clock                                                                                      | Period (ns) | Waveform (ns)  | Slice Loads | IO Loads | Clocking Loads | GT Loads | Net                                    |
+-----------+-----------------+-------------------+--------------------------------------------------------------------------------------------+-------------+----------------+-------------+----------+----------------+----------+----------------------------------------+
| g3        | BUFG/O          | n/a               | dbg_hub/inst/BSCANID.u_xsdbm_id/SWITCH_N_EXT_BSCAN.bscan_inst/SERIES7_BSCAN.bscan_inst/TCK |      33.000 | {0.000 16.500} |         466 |        0 |              0 |        0 | dbg_hub/inst/BSCANID.u_xsdbm_id/itck_i |
+-----------+-----------------+-------------------+--------------------------------------------------------------------------------------------+-------------+----------------+-------------+----------+----------------+----------+----------------------------------------+
* Slice Loads column represents load cell count of all cell types other than IO, GT and clock resources
** IO Loads column represents load cell count of IO types
*** Clocking Loads column represents load cell count that are clock resources (global clock buffer, MMCM, PLL, etc)
**** GT Loads column represents load cell count of GT types


+----+------+------+-----------------------+
|    | X0   | X1   | HORIZONTAL PROG DELAY |
+----+------+------+-----------------------+
| Y2 |    0 |    0 |                     - |
| Y1 |    0 |    0 |                     - |
| Y0 |  203 |  263 |                     0 |
+----+------+------+-----------------------+


11. Device Cell Placement Summary for Global Clock g4
-----------------------------------------------------

+-----------+-----------------+-------------------+--------------+-------------+---------------+-------------+----------+----------------+----------+-----------------+
| Global Id | Driver Type/Pin | Driver Region (D) | Clock        | Period (ns) | Waveform (ns) | Slice Loads | IO Loads | Clocking Loads | GT Loads | Net             |
+-----------+-----------------+-------------------+--------------+-------------+---------------+-------------+----------+----------------+----------+-----------------+
| g4        | BUFG/O          | n/a               | SysClk_PLL_0 |       6.250 | {0.000 3.125} |         173 |        1 |              2 |        0 | PLL/inst/SysClk |
+-----------+-----------------+-------------------+--------------+-------------+---------------+-------------+----------+----------------+----------+-----------------+
* Slice Loads column represents load cell count of all cell types other than IO, GT and clock resources
** IO Loads column represents load cell count of IO types
*** Clocking Loads column represents load cell count that are clock resources (global clock buffer, MMCM, PLL, etc)
**** GT Loads column represents load cell count of GT types


+----+----+------+-----------------------+
|    | X0 | X1   | HORIZONTAL PROG DELAY |
+----+----+------+-----------------------+
| Y2 |  0 |    0 |                     - |
| Y1 |  1 |  173 |                     0 |
| Y0 |  1 |    1 |                     0 |
+----+----+------+-----------------------+


12. Device Cell Placement Summary for Global Clock g5
-----------------------------------------------------

+-----------+-----------------+-------------------+----------------------+-------------+---------------+-------------+----------+----------------+----------+------------------------+
| Global Id | Driver Type/Pin | Driver Region (D) | Clock                | Period (ns) | Waveform (ns) | Slice Loads | IO Loads | Clocking Loads | GT Loads | Net                    |
+-----------+-----------------+-------------------+----------------------+-------------+---------------+-------------+----------+----------------+----------+------------------------+
| g5        | BUFG/O          | n/a               | Clk_560MHz_PLL_AFE_1 |       1.786 | {0.000 0.893} |           0 |       36 |              0 |        0 | HF_PLL/inst/Clk_560MHz |
+-----------+-----------------+-------------------+----------------------+-------------+---------------+-------------+----------+----------------+----------+------------------------+
* Slice Loads column represents load cell count of all cell types other than IO, GT and clock resources
** IO Loads column represents load cell count of IO types
*** Clocking Loads column represents load cell count that are clock resources (global clock buffer, MMCM, PLL, etc)
**** GT Loads column represents load cell count of GT types


+----+----+-----+-----------------------+
|    | X0 | X1  | HORIZONTAL PROG DELAY |
+----+----+-----+-----------------------+
| Y2 |  0 |   0 |                     - |
| Y1 |  0 |  18 |                     0 |
| Y0 |  0 |  18 |                     0 |
+----+----+-----+-----------------------+


13. Device Cell Placement Summary for Global Clock g6
-----------------------------------------------------

+-----------+-----------------+-------------------+------------------+-------------+---------------+-------------+----------+----------------+----------+---------------------+
| Global Id | Driver Type/Pin | Driver Region (D) | Clock            | Period (ns) | Waveform (ns) | Slice Loads | IO Loads | Clocking Loads | GT Loads | Net                 |
+-----------+-----------------+-------------------+------------------+-------------+---------------+-------------+----------+----------------+----------+---------------------+
| g6        | BUFG/O          | n/a               | Clk_200MHz_PLL_0 |       5.000 | {0.000 2.500} |          35 |        0 |              0 |        0 | PLL/inst/Clk_200MHz |
+-----------+-----------------+-------------------+------------------+-------------+---------------+-------------+----------+----------------+----------+---------------------+
* Slice Loads column represents load cell count of all cell types other than IO, GT and clock resources
** IO Loads column represents load cell count of IO types
*** Clocking Loads column represents load cell count that are clock resources (global clock buffer, MMCM, PLL, etc)
**** GT Loads column represents load cell count of GT types


+----+-----+-----+-----------------------+
|    | X0  | X1  | HORIZONTAL PROG DELAY |
+----+-----+-----+-----------------------+
| Y2 |  16 |   0 |                     0 |
| Y1 |   0 |  18 |                     0 |
| Y0 |   0 |   1 |                     0 |
+----+-----+-----+-----------------------+


14. Device Cell Placement Summary for Global Clock g7
-----------------------------------------------------

+-----------+-----------------+-------------------+--------------+-------------+---------------+-------------+----------+----------------+----------+-------------------------------------------------------------------------+
| Global Id | Driver Type/Pin | Driver Region (D) | Clock        | Period (ns) | Waveform (ns) | Slice Loads | IO Loads | Clocking Loads | GT Loads | Net                                                                     |
+-----------+-----------------+-------------------+--------------+-------------+---------------+-------------+----------+----------------+----------+-------------------------------------------------------------------------+
| g7        | BUFH/O          | X0Y1              | pll_clk3_out |       6.250 | {0.000 3.125} |           0 |        0 |              1 |        0 | DDR/DDR_Controller/u_DDR3LController_mig/u_ddr3_infrastructure/pll_clk3 |
+-----------+-----------------+-------------------+--------------+-------------+---------------+-------------+----------+----------------+----------+-------------------------------------------------------------------------+
* Slice Loads column represents load cell count of all cell types other than IO, GT and clock resources
** IO Loads column represents load cell count of IO types
*** Clocking Loads column represents load cell count that are clock resources (global clock buffer, MMCM, PLL, etc)
**** GT Loads column represents load cell count of GT types


+----+--------+----+-----------------------+
|    | X0     | X1 | HORIZONTAL PROG DELAY |
+----+--------+----+-----------------------+
| Y2 |      0 |  0 |                     - |
| Y1 |  (D) 1 |  0 |                     0 |
| Y0 |      0 |  0 |                     - |
+----+--------+----+-----------------------+


15. Device Cell Placement Summary for Global Clock g8
-----------------------------------------------------

+-----------+-----------------+-------------------+--------------------+-------------+---------------+-------------+----------+----------------+----------+----------------------------------+
| Global Id | Driver Type/Pin | Driver Region (D) | Clock              | Period (ns) | Waveform (ns) | Slice Loads | IO Loads | Clocking Loads | GT Loads | Net                              |
+-----------+-----------------+-------------------+--------------------+-------------+---------------+-------------+----------+----------------+----------+----------------------------------+
| g8        | BUFG/O          | n/a               | clkfbout_PLL_AFE_1 |       6.250 | {0.000 3.125} |           0 |        0 |              1 |        0 | HF_PLL/inst/clkfbout_buf_PLL_AFE |
+-----------+-----------------+-------------------+--------------------+-------------+---------------+-------------+----------+----------------+----------+----------------------------------+
* Slice Loads column represents load cell count of all cell types other than IO, GT and clock resources
** IO Loads column represents load cell count of IO types
*** Clocking Loads column represents load cell count that are clock resources (global clock buffer, MMCM, PLL, etc)
**** GT Loads column represents load cell count of GT types


+----+----+----+-----------------------+
|    | X0 | X1 | HORIZONTAL PROG DELAY |
+----+----+----+-----------------------+
| Y2 |  0 |  0 |                     - |
| Y1 |  0 |  0 |                     - |
| Y0 |  0 |  1 |                     0 |
+----+----+----+-----------------------+


16. Device Cell Placement Summary for Global Clock g9
-----------------------------------------------------

+-----------+-----------------+-------------------+----------------+-------------+---------------+-------------+----------+----------------+----------+-----------------------------+
| Global Id | Driver Type/Pin | Driver Region (D) | Clock          | Period (ns) | Waveform (ns) | Slice Loads | IO Loads | Clocking Loads | GT Loads | Net                         |
+-----------+-----------------+-------------------+----------------+-------------+---------------+-------------+----------+----------------+----------+-----------------------------+
| g9        | BUFG/O          | n/a               | clkfbout_PLL_0 |       6.250 | {0.000 3.125} |           0 |        0 |              1 |        0 | PLL/inst/clkfbout_buf_PLL_0 |
+-----------+-----------------+-------------------+----------------+-------------+---------------+-------------+----------+----------------+----------+-----------------------------+
* Slice Loads column represents load cell count of all cell types other than IO, GT and clock resources
** IO Loads column represents load cell count of IO types
*** Clocking Loads column represents load cell count that are clock resources (global clock buffer, MMCM, PLL, etc)
**** GT Loads column represents load cell count of GT types


+----+----+----+-----------------------+
|    | X0 | X1 | HORIZONTAL PROG DELAY |
+----+----+----+-----------------------+
| Y2 |  0 |  0 |                     - |
| Y1 |  0 |  0 |                     - |
| Y0 |  1 |  0 |                     0 |
+----+----+----+-----------------------+


17. Clock Region Cell Placement per Global Clock: Region X0Y0
-------------------------------------------------------------

+-----------+-------+-----------------+------------+-------------+-----------------+------+-------------+------+-----+----+------+-----+---------+----------------------------------------+
| Global Id | Track | Driver Type/Pin | Constraint | Clock Loads | Non-Clock Loads | FF   | Memory LUTs | RAMB | DSP | GT | MMCM | PLL | Hard IP | Net                                    |
+-----------+-------+-----------------+------------+-------------+-----------------+------+-------------+------+-----+----+------+-----+---------+----------------------------------------+
| g0        | n/a   | BUFG/O          | None       |        2102 |               0 | 2062 |          40 |    0 |   0 |  0 |    0 |   0 |       0 | PLL/inst/Clk_100MHz                    |
| g2        | n/a   | BUFG/O          | None       |          66 |               1 |   66 |           0 |    0 |   0 |  0 |    0 |   0 |       0 | HF_PLL/inst/Clk_80MHz                  |
| g3        | n/a   | BUFG/O          | None       |         203 |               0 |  203 |           0 |    0 |   0 |  0 |    0 |   0 |       0 | dbg_hub/inst/BSCANID.u_xsdbm_id/itck_i |
| g4        | n/a   | BUFG/O          | None       |           0 |               1 |    0 |           0 |    0 |   0 |  0 |    0 |   0 |       0 | PLL/inst/SysClk                        |
| g9        | n/a   | BUFG/O          | None       |           1 |               0 |    0 |           0 |    0 |   0 |  0 |    1 |   0 |       0 | PLL/inst/clkfbout_buf_PLL_0            |
+-----------+-------+-----------------+------------+-------------+-----------------+------+-------------+------+-----+----+------+-----+---------+----------------------------------------+
* Clock Loads column represents cell count of net connects that connect to a clock pin. Internal cell leaf pins are not considered
** Non-Clock Loads column represents cell count of non-clock pin loads
*** Columns FF, LUTRAM, RAMB through 'Hard IP' represents load cell counts


18. Clock Region Cell Placement per Global Clock: Region X1Y0
-------------------------------------------------------------

+-----------+-------+-----------------+------------+-------------+-----------------+------+-------------+------+-----+----+------+-----+---------+----------------------------------------+
| Global Id | Track | Driver Type/Pin | Constraint | Clock Loads | Non-Clock Loads | FF   | Memory LUTs | RAMB | DSP | GT | MMCM | PLL | Hard IP | Net                                    |
+-----------+-------+-----------------+------------+-------------+-----------------+------+-------------+------+-----+----+------+-----+---------+----------------------------------------+
| g0        | n/a   | BUFG/O          | None       |        3822 |               0 | 3704 |         115 |    3 |   0 |  0 |    0 |   0 |       0 | PLL/inst/Clk_100MHz                    |
| g2        | n/a   | BUFG/O          | None       |         573 |               1 |  520 |          25 |    1 |   0 |  0 |    0 |   0 |       0 | HF_PLL/inst/Clk_80MHz                  |
| g3        | n/a   | BUFG/O          | None       |         263 |               0 |  263 |           0 |    0 |   0 |  0 |    0 |   0 |       0 | dbg_hub/inst/BSCANID.u_xsdbm_id/itck_i |
| g4        | n/a   | BUFG/O          | None       |           1 |               0 |    0 |           0 |    0 |   0 |  0 |    1 |   0 |       0 | PLL/inst/SysClk                        |
| g5        | n/a   | BUFG/O          | None       |          18 |               0 |    0 |           0 |    0 |   0 |  0 |    0 |   0 |       0 | HF_PLL/inst/Clk_560MHz                 |
| g6        | n/a   | BUFG/O          | None       |           1 |               0 |    0 |           0 |    0 |   0 |  0 |    0 |   0 |       0 | PLL/inst/Clk_200MHz                    |
| g8        | n/a   | BUFG/O          | None       |           1 |               0 |    0 |           0 |    0 |   0 |  0 |    1 |   0 |       0 | HF_PLL/inst/clkfbout_buf_PLL_AFE       |
+-----------+-------+-----------------+------------+-------------+-----------------+------+-------------+------+-----+----+------+-----+---------+----------------------------------------+
* Clock Loads column represents cell count of net connects that connect to a clock pin. Internal cell leaf pins are not considered
** Non-Clock Loads column represents cell count of non-clock pin loads
*** Columns FF, LUTRAM, RAMB through 'Hard IP' represents load cell counts


19. Clock Region Cell Placement per Global Clock: Region X0Y1
-------------------------------------------------------------

+-----------+-------+-----------------+------------+-------------+-----------------+-----+-------------+------+-----+----+------+-----+---------+-------------------------------------------------------------------------+
| Global Id | Track | Driver Type/Pin | Constraint | Clock Loads | Non-Clock Loads | FF  | Memory LUTs | RAMB | DSP | GT | MMCM | PLL | Hard IP | Net                                                                     |
+-----------+-------+-----------------+------------+-------------+-----------------+-----+-------------+------+-----+----+------+-----+---------+-------------------------------------------------------------------------+
| g0        | n/a   | BUFG/O          | None       |        1002 |               0 | 981 |          21 |    0 |   0 |  0 |    0 |   0 |       0 | PLL/inst/Clk_100MHz                                                     |
| g1        | n/a   | BUFG/O          | None       |         744 |               0 | 732 |           2 |    0 |   0 |  0 |    1 |   0 |       0 | DDR/DDR_Controller/u_DDR3LController_mig/u_ddr3_infrastructure/CLK      |
| g2        | n/a   | BUFG/O          | None       |         326 |               0 | 326 |           0 |    0 |   0 |  0 |    0 |   0 |       0 | HF_PLL/inst/Clk_80MHz                                                   |
| g4        | n/a   | BUFG/O          | None       |           1 |               0 |   0 |           0 |    0 |   0 |  0 |    0 |   1 |       0 | PLL/inst/SysClk                                                         |
| g7        | n/a   | BUFH/O          | None       |           1 |               0 |   0 |           0 |    0 |   0 |  0 |    1 |   0 |       0 | DDR/DDR_Controller/u_DDR3LController_mig/u_ddr3_infrastructure/pll_clk3 |
+-----------+-------+-----------------+------------+-------------+-----------------+-----+-------------+------+-----+----+------+-----+---------+-------------------------------------------------------------------------+
* Clock Loads column represents cell count of net connects that connect to a clock pin. Internal cell leaf pins are not considered
** Non-Clock Loads column represents cell count of non-clock pin loads
*** Columns FF, LUTRAM, RAMB through 'Hard IP' represents load cell counts


20. Clock Region Cell Placement per Global Clock: Region X1Y1
-------------------------------------------------------------

+-----------+-------+-----------------+------------+-------------+-----------------+------+-------------+------+-----+----+------+-----+---------+------------------------+
| Global Id | Track | Driver Type/Pin | Constraint | Clock Loads | Non-Clock Loads | FF   | Memory LUTs | RAMB | DSP | GT | MMCM | PLL | Hard IP | Net                    |
+-----------+-------+-----------------+------------+-------------+-----------------+------+-------------+------+-----+----+------+-----+---------+------------------------+
| g0        | n/a   | BUFG/O          | None       |        1914 |               0 | 1884 |          27 |    1 |   0 |  0 |    0 |   0 |       0 | PLL/inst/Clk_100MHz    |
| g2        | n/a   | BUFG/O          | None       |         837 |               1 |  802 |           8 |    0 |   0 |  0 |    0 |   0 |       0 | HF_PLL/inst/Clk_80MHz  |
| g4        | n/a   | BUFG/O          | None       |         173 |               0 |  173 |           0 |    0 |   0 |  0 |    0 |   0 |       0 | PLL/inst/SysClk        |
| g5        | n/a   | BUFG/O          | None       |          18 |               0 |    0 |           0 |    0 |   0 |  0 |    0 |   0 |       0 | HF_PLL/inst/Clk_560MHz |
| g6        | n/a   | BUFG/O          | None       |          18 |               0 |   17 |           0 |    0 |   0 |  0 |    0 |   0 |       0 | PLL/inst/Clk_200MHz    |
+-----------+-------+-----------------+------------+-------------+-----------------+------+-------------+------+-----+----+------+-----+---------+------------------------+
* Clock Loads column represents cell count of net connects that connect to a clock pin. Internal cell leaf pins are not considered
** Non-Clock Loads column represents cell count of non-clock pin loads
*** Columns FF, LUTRAM, RAMB through 'Hard IP' represents load cell counts


21. Clock Region Cell Placement per Global Clock: Region X0Y2
-------------------------------------------------------------

+-----------+-------+-----------------+------------+-------------+-----------------+------+-------------+------+-----+----+------+-----+---------+--------------------------------------------------------------------+
| Global Id | Track | Driver Type/Pin | Constraint | Clock Loads | Non-Clock Loads | FF   | Memory LUTs | RAMB | DSP | GT | MMCM | PLL | Hard IP | Net                                                                |
+-----------+-------+-----------------+------------+-------------+-----------------+------+-------------+------+-----+----+------+-----+---------+--------------------------------------------------------------------+
| g1        | n/a   | BUFG/O          | None       |        2292 |               0 | 2256 |          11 |    0 |   0 |  0 |    0 |   0 |       0 | DDR/DDR_Controller/u_DDR3LController_mig/u_ddr3_infrastructure/CLK |
| g6        | n/a   | BUFG/O          | None       |          16 |               0 |   15 |           0 |    0 |   0 |  0 |    0 |   0 |       0 | PLL/inst/Clk_200MHz                                                |
+-----------+-------+-----------------+------------+-------------+-----------------+------+-------------+------+-----+----+------+-----+---------+--------------------------------------------------------------------+
* Clock Loads column represents cell count of net connects that connect to a clock pin. Internal cell leaf pins are not considered
** Non-Clock Loads column represents cell count of non-clock pin loads
*** Columns FF, LUTRAM, RAMB through 'Hard IP' represents load cell counts


22. Clock Region Cell Placement per Global Clock: Region X1Y2
-------------------------------------------------------------

+-----------+-------+-----------------+------------+-------------+-----------------+----+-------------+------+-----+----+------+-----+---------+--------------------------------------------------------------------+
| Global Id | Track | Driver Type/Pin | Constraint | Clock Loads | Non-Clock Loads | FF | Memory LUTs | RAMB | DSP | GT | MMCM | PLL | Hard IP | Net                                                                |
+-----------+-------+-----------------+------------+-------------+-----------------+----+-------------+------+-----+----+------+-----+---------+--------------------------------------------------------------------+
| g1        | n/a   | BUFG/O          | None       |          34 |               0 | 34 |           0 |    0 |   0 |  0 |    0 |   0 |       0 | DDR/DDR_Controller/u_DDR3LController_mig/u_ddr3_infrastructure/CLK |
+-----------+-------+-----------------+------------+-------------+-----------------+----+-------------+------+-----+----+------+-----+---------+--------------------------------------------------------------------+
* Clock Loads column represents cell count of net connects that connect to a clock pin. Internal cell leaf pins are not considered
** Non-Clock Loads column represents cell count of non-clock pin loads
*** Columns FF, LUTRAM, RAMB through 'Hard IP' represents load cell counts



# Location of BUFG Primitives 
set_property LOC BUFGCTRL_X0Y5 [get_cells dbg_hub/inst/BSCANID.u_xsdbm_id/SWITCH_N_EXT_BSCAN.u_bufg_icon_tck]
set_property LOC BUFGCTRL_X0Y7 [get_cells PLL/inst/clkf_buf]
set_property LOC BUFGCTRL_X0Y1 [get_cells PLL/inst/clkout2_buf]
set_property LOC BUFGCTRL_X0Y3 [get_cells PLL/inst/clkout3_buf]
set_property LOC BUFGCTRL_X0Y4 [get_cells PLL/inst/clkout1_buf]
set_property LOC BUFGCTRL_X0Y6 [get_cells HF_PLL/inst/clkf_buf]
set_property LOC BUFGCTRL_X0Y0 [get_cells HF_PLL/inst/clkout2_buf]
set_property LOC BUFGCTRL_X0Y2 [get_cells HF_PLL/inst/clkout1_buf]
set_property LOC BUFGCTRL_X0Y16 [get_cells DDR/DDR_Controller/u_DDR3LController_mig/u_ddr3_infrastructure/u_bufg_clkdiv0]

# Location of BUFH Primitives 
set_property LOC BUFHCE_X0Y12 [get_cells DDR/DDR_Controller/u_DDR3LController_mig/u_ddr3_infrastructure/u_bufh_pll_clk3]

# Location of IO Primitives which is load of clock spine
set_property LOC IOB_X0Y21 [get_cells DBG_OBUF[4]_inst]
set_property LOC IOB_X0Y26 [get_cells DBG_OBUF[2]_inst]
set_property LOC IOB_X1Y24 [get_cells AFE/OBUFDS_inst1]
set_property LOC IOB_X1Y74 [get_cells AFE/OBUFDS_inst0]

# Location of clock ports
set_property LOC IOB_X0Y24 [get_ports VXO_P]

# Clock net "dbg_hub/inst/BSCANID.u_xsdbm_id/itck_i" driven by instance "dbg_hub/inst/BSCANID.u_xsdbm_id/SWITCH_N_EXT_BSCAN.u_bufg_icon_tck" located at site "BUFGCTRL_X0Y5"
#startgroup
create_pblock {CLKAG_dbg_hub/inst/BSCANID.u_xsdbm_id/itck_i}
add_cells_to_pblock [get_pblocks  {CLKAG_dbg_hub/inst/BSCANID.u_xsdbm_id/itck_i}] [get_cells -filter { PRIMITIVE_GROUP != I/O && IS_PRIMITIVE==1 && PRIMITIVE_LEVEL !=INTERNAL } -of_object [get_pins -leaf -filter {DIRECTION==IN} -of_objects [get_nets {dbg_hub/inst/BSCANID.u_xsdbm_id/itck_i}]]]
resize_pblock [get_pblocks {CLKAG_dbg_hub/inst/BSCANID.u_xsdbm_id/itck_i}] -add {CLOCKREGION_X0Y0:CLOCKREGION_X0Y0 CLOCKREGION_X1Y0:CLOCKREGION_X1Y0}
#endgroup

# Clock net "PLL/inst/SysClk" driven by instance "PLL/inst/clkout2_buf" located at site "BUFGCTRL_X0Y1"
#startgroup
create_pblock {CLKAG_PLL/inst/SysClk}
add_cells_to_pblock [get_pblocks  {CLKAG_PLL/inst/SysClk}] [get_cells -filter { PRIMITIVE_GROUP != I/O && IS_PRIMITIVE==1 && PRIMITIVE_LEVEL !=INTERNAL && NAME!=HF_PLL/inst/mmcm_adv_inst && NAME!=DDR/DDR_Controller/u_DDR3LController_mig/u_ddr3_infrastructure/plle2_i && NAME!=DBG_OBUF[2]_inst} -of_object [get_pins -leaf -filter {DIRECTION==IN} -of_objects [get_nets {PLL/inst/SysClk}]]]
resize_pblock [get_pblocks {CLKAG_PLL/inst/SysClk}] -add {CLOCKREGION_X1Y1:CLOCKREGION_X1Y1}
#endgroup

# Clock net "PLL/inst/Clk_200MHz" driven by instance "PLL/inst/clkout3_buf" located at site "BUFGCTRL_X0Y3"
#startgroup
create_pblock {CLKAG_PLL/inst/Clk_200MHz}
add_cells_to_pblock [get_pblocks  {CLKAG_PLL/inst/Clk_200MHz}] [get_cells -filter { PRIMITIVE_GROUP != I/O && IS_PRIMITIVE==1 && PRIMITIVE_LEVEL !=INTERNAL } -of_object [get_pins -leaf -filter {DIRECTION==IN} -of_objects [get_nets {PLL/inst/Clk_200MHz}]]]
resize_pblock [get_pblocks {CLKAG_PLL/inst/Clk_200MHz}] -add {CLOCKREGION_X0Y2:CLOCKREGION_X0Y2 CLOCKREGION_X1Y0:CLOCKREGION_X1Y0 CLOCKREGION_X1Y1:CLOCKREGION_X1Y1}
#endgroup

# Clock net "PLL/inst/Clk_100MHz" driven by instance "PLL/inst/clkout1_buf" located at site "BUFGCTRL_X0Y4"
#startgroup
create_pblock {CLKAG_PLL/inst/Clk_100MHz}
add_cells_to_pblock [get_pblocks  {CLKAG_PLL/inst/Clk_100MHz}] [get_cells -filter { PRIMITIVE_GROUP != I/O && IS_PRIMITIVE==1 && PRIMITIVE_LEVEL !=INTERNAL } -of_object [get_pins -leaf -filter {DIRECTION==IN} -of_objects [get_nets {PLL/inst/Clk_100MHz}]]]
resize_pblock [get_pblocks {CLKAG_PLL/inst/Clk_100MHz}] -add {CLOCKREGION_X0Y0:CLOCKREGION_X0Y0 CLOCKREGION_X0Y1:CLOCKREGION_X0Y1 CLOCKREGION_X1Y0:CLOCKREGION_X1Y0 CLOCKREGION_X1Y1:CLOCKREGION_X1Y1}
#endgroup

# Clock net "HF_PLL/inst/Clk_80MHz" driven by instance "HF_PLL/inst/clkout2_buf" located at site "BUFGCTRL_X0Y0"
#startgroup
create_pblock {CLKAG_HF_PLL/inst/Clk_80MHz}
add_cells_to_pblock [get_pblocks  {CLKAG_HF_PLL/inst/Clk_80MHz}] [get_cells -filter { PRIMITIVE_GROUP != I/O && IS_PRIMITIVE==1 && PRIMITIVE_LEVEL !=INTERNAL && NAME!=DBG_OBUF[4]_inst && NAME!=AFE/OBUFDS_inst1 && NAME!=AFE/OBUFDS_inst0} -of_object [get_pins -leaf -filter {DIRECTION==IN} -of_objects [get_nets {HF_PLL/inst/Clk_80MHz}]]]
resize_pblock [get_pblocks {CLKAG_HF_PLL/inst/Clk_80MHz}] -add {CLOCKREGION_X0Y0:CLOCKREGION_X0Y0 CLOCKREGION_X0Y1:CLOCKREGION_X0Y1 CLOCKREGION_X1Y0:CLOCKREGION_X1Y0 CLOCKREGION_X1Y1:CLOCKREGION_X1Y1}
#endgroup

# Clock net "HF_PLL/inst/Clk_560MHz" driven by instance "HF_PLL/inst/clkout1_buf" located at site "BUFGCTRL_X0Y2"
#startgroup
create_pblock {CLKAG_HF_PLL/inst/Clk_560MHz}
add_cells_to_pblock [get_pblocks  {CLKAG_HF_PLL/inst/Clk_560MHz}] [get_cells -filter { PRIMITIVE_GROUP != I/O && IS_PRIMITIVE==1 && PRIMITIVE_LEVEL !=INTERNAL } -of_object [get_pins -leaf -filter {DIRECTION==IN} -of_objects [get_nets {HF_PLL/inst/Clk_560MHz}]]]
resize_pblock [get_pblocks {CLKAG_HF_PLL/inst/Clk_560MHz}] -add {CLOCKREGION_X1Y0:CLOCKREGION_X1Y0 CLOCKREGION_X1Y1:CLOCKREGION_X1Y1}
#endgroup

# Clock net "DDR/DDR_Controller/u_DDR3LController_mig/u_ddr3_infrastructure/CLK" driven by instance "DDR/DDR_Controller/u_DDR3LController_mig/u_ddr3_infrastructure/u_bufg_clkdiv0" located at site "BUFGCTRL_X0Y16"
#startgroup
create_pblock {CLKAG_DDR/DDR_Controller/u_DDR3LController_mig/u_ddr3_infrastructure/CLK}
add_cells_to_pblock [get_pblocks  {CLKAG_DDR/DDR_Controller/u_DDR3LController_mig/u_ddr3_infrastructure/CLK}] [get_cells -filter { PRIMITIVE_GROUP != I/O && IS_PRIMITIVE==1 && PRIMITIVE_LEVEL !=INTERNAL && NAME!=DDR/DDR_Controller/u_DDR3LController_mig/u_ddr3_infrastructure/gen_mmcm.mmcm_i} -of_object [get_pins -leaf -filter {DIRECTION==IN} -of_objects [get_nets {DDR/DDR_Controller/u_DDR3LController_mig/u_ddr3_infrastructure/CLK}]]]
resize_pblock [get_pblocks {CLKAG_DDR/DDR_Controller/u_DDR3LController_mig/u_ddr3_infrastructure/CLK}] -add {CLOCKREGION_X0Y1:CLOCKREGION_X0Y1 CLOCKREGION_X0Y2:CLOCKREGION_X0Y2 CLOCKREGION_X1Y2:CLOCKREGION_X1Y2}
#endgroup
